// Jest Snapshot v1, https://goo.gl/fbAQLP

exports[`Filters component Filters snapshot 1`] = `
Object {
  "asFragment": [Function],
  "baseElement": <body>
    <div>
      <div
        class="filtrationWrapper"
      >
        <div>
          <span>
            Categories
          </span>
          <select
            data-testid="select"
            name="categories"
          >
            <option
              data-testid="select-option"
              value="all"
            >
              all
            </option>
            <option
              data-testid="select-option"
              value="art"
            >
              art
            </option>
            <option
              data-testid="select-option"
              value="biography"
            >
              biography
            </option>
            <option
              data-testid="select-option"
              value="computers"
            >
              computers
            </option>
            <option
              data-testid="select-option"
              value="history"
            >
              history
            </option>
            <option
              data-testid="select-option"
              value="medical"
            >
              medical
            </option>
            <option
              data-testid="select-option"
              value="poetry"
            >
              poetry
            </option>
          </select>
        </div>
        <div>
          <span>
            Sorting by
          </span>
          <select
            name="sorting"
          >
            <option
              value="relevance"
            >
              relevance
            </option>
            <option
              value="newest"
            >
              newest
            </option>
          </select>
        </div>
      </div>
    </div>
  </body>,
  "container": <div>
    <div
      class="filtrationWrapper"
    >
      <div>
        <span>
          Categories
        </span>
        <select
          data-testid="select"
          name="categories"
        >
          <option
            data-testid="select-option"
            value="all"
          >
            all
          </option>
          <option
            data-testid="select-option"
            value="art"
          >
            art
          </option>
          <option
            data-testid="select-option"
            value="biography"
          >
            biography
          </option>
          <option
            data-testid="select-option"
            value="computers"
          >
            computers
          </option>
          <option
            data-testid="select-option"
            value="history"
          >
            history
          </option>
          <option
            data-testid="select-option"
            value="medical"
          >
            medical
          </option>
          <option
            data-testid="select-option"
            value="poetry"
          >
            poetry
          </option>
        </select>
      </div>
      <div>
        <span>
          Sorting by
        </span>
        <select
          name="sorting"
        >
          <option
            value="relevance"
          >
            relevance
          </option>
          <option
            value="newest"
          >
            newest
          </option>
        </select>
      </div>
    </div>
  </div>,
  "debug": [Function],
  "findAllByAltText": [Function],
  "findAllByDisplayValue": [Function],
  "findAllByLabelText": [Function],
  "findAllByPlaceholderText": [Function],
  "findAllByRole": [Function],
  "findAllByTestId": [Function],
  "findAllByText": [Function],
  "findAllByTitle": [Function],
  "findByAltText": [Function],
  "findByDisplayValue": [Function],
  "findByLabelText": [Function],
  "findByPlaceholderText": [Function],
  "findByRole": [Function],
  "findByTestId": [Function],
  "findByText": [Function],
  "findByTitle": [Function],
  "getAllByAltText": [Function],
  "getAllByDisplayValue": [Function],
  "getAllByLabelText": [Function],
  "getAllByPlaceholderText": [Function],
  "getAllByRole": [Function],
  "getAllByTestId": [Function],
  "getAllByText": [Function],
  "getAllByTitle": [Function],
  "getByAltText": [Function],
  "getByDisplayValue": [Function],
  "getByLabelText": [Function],
  "getByPlaceholderText": [Function],
  "getByRole": [Function],
  "getByTestId": [Function],
  "getByText": [Function],
  "getByTitle": [Function],
  "queryAllByAltText": [Function],
  "queryAllByDisplayValue": [Function],
  "queryAllByLabelText": [Function],
  "queryAllByPlaceholderText": [Function],
  "queryAllByRole": [Function],
  "queryAllByTestId": [Function],
  "queryAllByText": [Function],
  "queryAllByTitle": [Function],
  "queryByAltText": [Function],
  "queryByDisplayValue": [Function],
  "queryByLabelText": [Function],
  "queryByPlaceholderText": [Function],
  "queryByRole": [Function],
  "queryByTestId": [Function],
  "queryByText": [Function],
  "queryByTitle": [Function],
  "rerender": [Function],
  "unmount": [Function],
}
`;
