// Jest Snapshot v1, https://goo.gl/fbAQLP

exports[`App component App snapshot 1`] = `
Object {
  "asFragment": [Function],
  "baseElement": <body>
    <div>
      <div
        class="App"
      >
        <header>
          <h1
            class="title"
          >
            Search for books
          </h1>
          <form
            name="Search"
          >
            <input
              class="input"
              placeholder="Find books"
              type="text"
            />
            <button
              class="button"
              type="submit"
            >
              <span
                aria-label="search"
                class="anticon anticon-search"
                role="img"
              >
                <svg
                  aria-hidden="true"
                  data-icon="search"
                  fill="currentColor"
                  focusable="false"
                  height="1em"
                  viewBox="64 64 896 896"
                  width="1em"
                >
                  <path
                    d="M909.6 854.5L649.9 594.8C690.2 542.7 712 479 712 412c0-80.2-31.3-155.4-87.9-212.1-56.6-56.7-132-87.9-212.1-87.9s-155.5 31.3-212.1 87.9C143.2 256.5 112 331.8 112 412c0 80.1 31.3 155.5 87.9 212.1C256.5 680.8 331.8 712 412 712c67 0 130.6-21.8 182.7-62l259.7 259.6a8.2 8.2 0 0011.6 0l43.6-43.5a8.2 8.2 0 000-11.6zM570.4 570.4C528 612.7 471.8 636 412 636s-116-23.3-158.4-65.6C211.3 528 188 471.8 188 412s23.3-116.1 65.6-158.4C296 211.3 352.2 188 412 188s116.1 23.2 158.4 65.6S636 352.2 636 412s-23.3 116.1-65.6 158.4z"
                  />
                </svg>
              </span>
            </button>
          </form>
          <div
            class="filtrationWrapper"
          >
            <div>
              <span>
                Categories
              </span>
              <select
                data-testid="select"
                name="categories"
              >
                <option
                  data-testid="select-option"
                  value="all"
                >
                  all
                </option>
                <option
                  data-testid="select-option"
                  value="art"
                >
                  art
                </option>
                <option
                  data-testid="select-option"
                  value="biography"
                >
                  biography
                </option>
                <option
                  data-testid="select-option"
                  value="computers"
                >
                  computers
                </option>
                <option
                  data-testid="select-option"
                  value="history"
                >
                  history
                </option>
                <option
                  data-testid="select-option"
                  value="medical"
                >
                  medical
                </option>
                <option
                  data-testid="select-option"
                  value="poetry"
                >
                  poetry
                </option>
              </select>
            </div>
            <div>
              <span>
                Sorting by
              </span>
              <select
                name="sorting"
              >
                <option
                  value="relevance"
                >
                  relevance
                </option>
                <option
                  value="newest"
                >
                  newest
                </option>
              </select>
            </div>
          </div>
        </header>
        <main>
          <div
            style="padding-top: 100px;"
          >
            <div
              aria-busy="true"
              aria-live="polite"
              class="ant-spin ant-spin-spinning css-dev-only-do-not-override-ph9edi"
            >
              <span
                class="ant-spin-dot ant-spin-dot-spin"
              >
                <i
                  class="ant-spin-dot-item"
                />
                <i
                  class="ant-spin-dot-item"
                />
                <i
                  class="ant-spin-dot-item"
                />
                <i
                  class="ant-spin-dot-item"
                />
              </span>
            </div>
          </div>
        </main>
      </div>
    </div>
  </body>,
  "container": <div>
    <div
      class="App"
    >
      <header>
        <h1
          class="title"
        >
          Search for books
        </h1>
        <form
          name="Search"
        >
          <input
            class="input"
            placeholder="Find books"
            type="text"
          />
          <button
            class="button"
            type="submit"
          >
            <span
              aria-label="search"
              class="anticon anticon-search"
              role="img"
            >
              <svg
                aria-hidden="true"
                data-icon="search"
                fill="currentColor"
                focusable="false"
                height="1em"
                viewBox="64 64 896 896"
                width="1em"
              >
                <path
                  d="M909.6 854.5L649.9 594.8C690.2 542.7 712 479 712 412c0-80.2-31.3-155.4-87.9-212.1-56.6-56.7-132-87.9-212.1-87.9s-155.5 31.3-212.1 87.9C143.2 256.5 112 331.8 112 412c0 80.1 31.3 155.5 87.9 212.1C256.5 680.8 331.8 712 412 712c67 0 130.6-21.8 182.7-62l259.7 259.6a8.2 8.2 0 0011.6 0l43.6-43.5a8.2 8.2 0 000-11.6zM570.4 570.4C528 612.7 471.8 636 412 636s-116-23.3-158.4-65.6C211.3 528 188 471.8 188 412s23.3-116.1 65.6-158.4C296 211.3 352.2 188 412 188s116.1 23.2 158.4 65.6S636 352.2 636 412s-23.3 116.1-65.6 158.4z"
                />
              </svg>
            </span>
          </button>
        </form>
        <div
          class="filtrationWrapper"
        >
          <div>
            <span>
              Categories
            </span>
            <select
              data-testid="select"
              name="categories"
            >
              <option
                data-testid="select-option"
                value="all"
              >
                all
              </option>
              <option
                data-testid="select-option"
                value="art"
              >
                art
              </option>
              <option
                data-testid="select-option"
                value="biography"
              >
                biography
              </option>
              <option
                data-testid="select-option"
                value="computers"
              >
                computers
              </option>
              <option
                data-testid="select-option"
                value="history"
              >
                history
              </option>
              <option
                data-testid="select-option"
                value="medical"
              >
                medical
              </option>
              <option
                data-testid="select-option"
                value="poetry"
              >
                poetry
              </option>
            </select>
          </div>
          <div>
            <span>
              Sorting by
            </span>
            <select
              name="sorting"
            >
              <option
                value="relevance"
              >
                relevance
              </option>
              <option
                value="newest"
              >
                newest
              </option>
            </select>
          </div>
        </div>
      </header>
      <main>
        <div
          style="padding-top: 100px;"
        >
          <div
            aria-busy="true"
            aria-live="polite"
            class="ant-spin ant-spin-spinning css-dev-only-do-not-override-ph9edi"
          >
            <span
              class="ant-spin-dot ant-spin-dot-spin"
            >
              <i
                class="ant-spin-dot-item"
              />
              <i
                class="ant-spin-dot-item"
              />
              <i
                class="ant-spin-dot-item"
              />
              <i
                class="ant-spin-dot-item"
              />
            </span>
          </div>
        </div>
      </main>
    </div>
  </div>,
  "debug": [Function],
  "findAllByAltText": [Function],
  "findAllByDisplayValue": [Function],
  "findAllByLabelText": [Function],
  "findAllByPlaceholderText": [Function],
  "findAllByRole": [Function],
  "findAllByTestId": [Function],
  "findAllByText": [Function],
  "findAllByTitle": [Function],
  "findByAltText": [Function],
  "findByDisplayValue": [Function],
  "findByLabelText": [Function],
  "findByPlaceholderText": [Function],
  "findByRole": [Function],
  "findByTestId": [Function],
  "findByText": [Function],
  "findByTitle": [Function],
  "getAllByAltText": [Function],
  "getAllByDisplayValue": [Function],
  "getAllByLabelText": [Function],
  "getAllByPlaceholderText": [Function],
  "getAllByRole": [Function],
  "getAllByTestId": [Function],
  "getAllByText": [Function],
  "getAllByTitle": [Function],
  "getByAltText": [Function],
  "getByDisplayValue": [Function],
  "getByLabelText": [Function],
  "getByPlaceholderText": [Function],
  "getByRole": [Function],
  "getByTestId": [Function],
  "getByText": [Function],
  "getByTitle": [Function],
  "queryAllByAltText": [Function],
  "queryAllByDisplayValue": [Function],
  "queryAllByLabelText": [Function],
  "queryAllByPlaceholderText": [Function],
  "queryAllByRole": [Function],
  "queryAllByTestId": [Function],
  "queryAllByText": [Function],
  "queryAllByTitle": [Function],
  "queryByAltText": [Function],
  "queryByDisplayValue": [Function],
  "queryByLabelText": [Function],
  "queryByPlaceholderText": [Function],
  "queryByRole": [Function],
  "queryByTestId": [Function],
  "queryByText": [Function],
  "queryByTitle": [Function],
  "rerender": [Function],
  "unmount": [Function],
}
`;
